******************************************************************************
                  TI ARM Linker PC v20.2.5                     
******************************************************************************
>> Linked Thu Nov  4 23:04:03 2021

OUTPUT FILE NAME:   <LaboratorioNo.9.out>
ENTRY POINT SYMBOL: "_c_int00_noargs"  address: 00000899


MEMORY CONFIGURATION

         name            origin    length      used     unused   attr    fill
----------------------  --------  ---------  --------  --------  ----  --------
  FLASH                 00000000   00040000  00000a9a  0003f566  R  X
  SRAM                  20000000   00008000  00000203  00007dfd  RW X


SEGMENT ALLOCATION MAP

run origin  load origin   length   init length attrs members
----------  ----------- ---------- ----------- ----- -------
00000000    00000000    00000a9c   00000a9c    r-x
  00000000    00000000    0000026c   0000026c    r-- .intvecs
  0000026c    0000026c    0000073e   0000073e    r-x .text
  000009ac    000009ac    000000dc   000000dc    r-- .const
  00000a88    00000a88    00000014   00000014    r-- .cinit
20000000    20000000    00000203   00000000    rw-
  20000000    20000000    00000200   00000000    rw- .stack
  20000200    20000200    00000003   00000000    rw- .bss


SECTION ALLOCATION MAP

 output                                  attributes/
section   page    origin      length       input sections
--------  ----  ----------  ----------   ----------------
.intvecs   0    00000000    0000026c     
                  00000000    0000026c     tm4c123gh6pm_startup_ccs.obj (.intvecs)

.text      0    0000026c    0000073e     
                  0000026c    0000017c     main.obj (.text)
                  000003e8    00000132     driverlib.lib : gpio.obj (.text:GPIOPadConfigSet)
                  0000051a    00000002     --HOLE-- [fill = 0]
                  0000051c    00000110                   : sysctl.obj (.text:SysCtlClockGet)
                  0000062c    000000f4                   : sysctl.obj (.text:SysCtlClockSet)
                  00000720    00000068                   : interrupt.obj (.text:IntEnable)
                  00000788    00000060                   : timer.obj (.text:TimerConfigure)
                  000007e8    00000044     rtsv7M4_T_le_v4SPD16_eabi.lib : autoinit.c.obj (.text:__TI_auto_init_nobinit_nopinit:__TI_auto_init_nobinit_nopinit)
                  0000082c    00000038     driverlib.lib : sysctl.obj (.text:SysCtlPeripheralReady)
                  00000864    00000034                   : sysctl.obj (.text:SysCtlPeripheralEnable)
                  00000898    00000034     rtsv7M4_T_le_v4SPD16_eabi.lib : boot_cortex_m.c.obj (.text:_c_int00_noargs:_c_int00_noargs)
                  000008cc    0000002a     driverlib.lib : gpio.obj (.text:GPIODirModeSet)
                  000008f6    0000001c     rtsv7M4_T_le_v4SPD16_eabi.lib : copy_zero_init.c.obj (.text:decompress:ZI:__TI_zero_init_nomemset:__TI_zero_init_nomemset)
                  00000912    00000018     driverlib.lib : gpio.obj (.text:GPIOPinTypeGPIOOutput)
                  0000092a    00000012                   : gpio.obj (.text:GPIOPinTypeGPIOInput)
                  0000093c    00000012                   : timer.obj (.text:TimerLoadSet)
                  0000094e    00000010                   : interrupt.obj (.text:IntMasterEnable)
                  0000095e    0000000e                   : timer.obj (.text:TimerEnable)
                  0000096c    0000000c                   : cpu.obj (.text:CPUcpsie)
                  00000978    0000000c     tm4c123gh6pm_startup_ccs.obj (.text)
                  00000984    00000008     driverlib.lib : timer.obj (.text:TimerIntEnable)
                  0000098c    00000006                   : gpio.obj (.text:GPIOPinRead)
                  00000992    00000006                   : gpio.obj (.text:GPIOPinWrite)
                  00000998    00000006                   : sysctl.obj (.text:SysCtlDelay)
                  0000099e    00000004                   : timer.obj (.text:TimerIntClear)
                  000009a2    00000004     rtsv7M4_T_le_v4SPD16_eabi.lib : pre_init.c.obj (.text:_system_pre_init)
                  000009a6    00000004                                   : exit.c.obj (.text:abort:abort)

.const     0    000009ac    000000dc     
                  000009ac    00000070     driverlib.lib : interrupt.obj (.const)
                  00000a1c    0000006c                   : sysctl.obj (.const:g_pui32Xtals)

.cinit     0    00000a88    00000014     
                  00000a88    00000008     (.cinit..bss.load) [load image, compression = zero_init]
                  00000a90    00000004     (__TI_handler_table)
                  00000a94    00000008     (__TI_cinit_table)

.init_array 
*          0    00000000    00000000     UNINITIALIZED

.bss       0    20000200    00000003     UNINITIALIZED
                  20000200    00000001     (.common:Push)
                  20000201    00000001     (.common:bandera1)
                  20000202    00000001     (.common:cont)

.stack     0    20000000    00000200     UNINITIALIZED
                  20000000    00000004     rtsv7M4_T_le_v4SPD16_eabi.lib : boot_cortex_m.c.obj (.stack)
                  20000004    000001fc     --HOLE--

__llvm_prf_cnts 
*          0    20000000    00000000     UNINITIALIZED

MODULE SUMMARY

       Module                         code   ro data   rw data
       ------                         ----   -------   -------
    .\
       tm4c123gh6pm_startup_ccs.obj   12     620       0      
       main.obj                       380    0         3      
    +--+------------------------------+------+---------+---------+
       Total:                         392    620       3      
                                                              
    C:/ti/TivaWare_C_Series-2.1.4.178/driverlib/ccs/Debug/driverlib.lib
       sysctl.obj                     630    108       0      
       gpio.obj                       402    0         0      
       interrupt.obj                  120    112       0      
       timer.obj                      140    0         0      
       cpu.obj                        12     0         0      
    +--+------------------------------+------+---------+---------+
       Total:                         1304   220       0      
                                                              
    C:\ti\ccs1100\ccs\tools\compiler\ti-cgt-arm_20.2.5.LTS\lib\rtsv7M4_T_le_v4SPD16_eabi.lib
       autoinit.c.obj                 68     0         0      
       boot_cortex_m.c.obj            52     0         0      
       copy_zero_init.c.obj           28     0         0      
       exit.c.obj                     4      0         0      
       pre_init.c.obj                 4      0         0      
    +--+------------------------------+------+---------+---------+
       Total:                         156    0         0      
                                                              
       Stack:                         0      0         512    
       Linker Generated:              0      20        0      
    +--+------------------------------+------+---------+---------+
       Grand Total:                   1852   860       515    


LINKER GENERATED COPY TABLES

__TI_cinit_table @ 00000a94 records: 1, size/record: 8, table size: 8
	.bss: load addr=00000a88, load size=00000008 bytes, run addr=20000200, run size=00000003 bytes, compression=zero_init


LINKER GENERATED HANDLER TABLE

__TI_handler_table @ 00000a90 records: 1, size/record: 4, table size: 4
	index: 0, handler: __TI_zero_init


GLOBAL SYMBOLS: SORTED ALPHABETICALLY BY Name 

address   name                          
-------   ----                          
000009a7  C$$EXIT                       
0000096d  CPUcpsie                      
000008cd  GPIODirModeSet                
000003e9  GPIOPadConfigSet              
0000098d  GPIOPinRead                   
0000092b  GPIOPinTypeGPIOInput          
00000913  GPIOPinTypeGPIOOutput         
00000993  GPIOPinWrite                  
00000721  IntEnable                     
0000094f  IntMasterEnable               
20000200  Push                          
00000979  ResetISR                      
0000051d  SysCtlClockGet                
0000062d  SysCtlClockSet                
00000999  SysCtlDelay                   
00000865  SysCtlPeripheralEnable        
0000082d  SysCtlPeripheralReady         
000002f1  Timer0Config                  
0000033b  Timer0IntHandler              
00000789  TimerConfigure                
0000095f  TimerEnable                   
0000099f  TimerIntClear                 
00000985  TimerIntEnable                
0000093d  TimerLoadSet                  
20000200  __STACK_END                   
00000200  __STACK_SIZE                  
20000200  __STACK_TOP                   
00000a94  __TI_CINIT_Base               
00000a9c  __TI_CINIT_Limit              
00000a90  __TI_Handler_Table_Base       
00000a94  __TI_Handler_Table_Limit      
000007e9  __TI_auto_init_nobinit_nopinit
ffffffff  __TI_pprof_out_hndl           
ffffffff  __TI_prof_data_size           
ffffffff  __TI_prof_data_start          
00000000  __TI_static_base__            
000008f7  __TI_zero_init_nomemset       
ffffffff  __binit__                     
ffffffff  __c_args__                    
UNDEFED   __mpu_init                    
20000000  __stack                       
20000000  __start___llvm_prf_cnts       
20000000  __stop___llvm_prf_cnts        
00000899  _c_int00_noargs               
UNDEFED   _system_post_cinit            
000009a3  _system_pre_init              
000009a7  abort                         
20000201  bandera1                      
ffffffff  binit                         
20000202  cont                          
00000000  g_pfnVectors                  
000003a9  initGPIOF                     
0000026d  main                          


GLOBAL SYMBOLS: SORTED BY Symbol Address 

address   name                          
-------   ----                          
00000000  __TI_static_base__            
00000000  g_pfnVectors                  
00000200  __STACK_SIZE                  
0000026d  main                          
000002f1  Timer0Config                  
0000033b  Timer0IntHandler              
000003a9  initGPIOF                     
000003e9  GPIOPadConfigSet              
0000051d  SysCtlClockGet                
0000062d  SysCtlClockSet                
00000721  IntEnable                     
00000789  TimerConfigure                
000007e9  __TI_auto_init_nobinit_nopinit
0000082d  SysCtlPeripheralReady         
00000865  SysCtlPeripheralEnable        
00000899  _c_int00_noargs               
000008cd  GPIODirModeSet                
000008f7  __TI_zero_init_nomemset       
00000913  GPIOPinTypeGPIOOutput         
0000092b  GPIOPinTypeGPIOInput          
0000093d  TimerLoadSet                  
0000094f  IntMasterEnable               
0000095f  TimerEnable                   
0000096d  CPUcpsie                      
00000979  ResetISR                      
00000985  TimerIntEnable                
0000098d  GPIOPinRead                   
00000993  GPIOPinWrite                  
00000999  SysCtlDelay                   
0000099f  TimerIntClear                 
000009a3  _system_pre_init              
000009a7  C$$EXIT                       
000009a7  abort                         
00000a90  __TI_Handler_Table_Base       
00000a94  __TI_CINIT_Base               
00000a94  __TI_Handler_Table_Limit      
00000a9c  __TI_CINIT_Limit              
20000000  __stack                       
20000000  __start___llvm_prf_cnts       
20000000  __stop___llvm_prf_cnts        
20000200  Push                          
20000200  __STACK_END                   
20000200  __STACK_TOP                   
20000201  bandera1                      
20000202  cont                          
ffffffff  __TI_pprof_out_hndl           
ffffffff  __TI_prof_data_size           
ffffffff  __TI_prof_data_start          
ffffffff  __binit__                     
ffffffff  __c_args__                    
ffffffff  binit                         
UNDEFED   __mpu_init                    
UNDEFED   _system_post_cinit            

[53 symbols]
